---
source: pacesetter-util/tests/ui_test.rs
expression: output
---
   a general message
ℹ️  an info message
✅ a success message ✓

