---
source: pacesetter-util/tests/ui_test.rs
expression: output
---
a general message
an info message
a success message âœ“

