---
source: src/ui/mod.rs
expression: output
---
   a general message
ℹ️  an info message
✅ a success message ✓
