---
source: src/ui/mod.rs
expression: error_output
---
an error message :(
