---
source: src/ui/mod.rs
expression: output
---
   a log message
     an indented message
           more indentation
       less indentation
   no indentation
