---
source: src/ui/mod.rs
expression: output
---
a general message
an info message
a success message âœ“
